// 重构日志: 4c251b08
// 重构日志: 4d953317
// 重构日志: 52f3427b
// 重构日志: ce612546
// 同步 ID: 0b68443c @ Fri Jul 17 17:21:04 UTC 2026
// 重构日志: c4e9e1b3
// 重构日志: 0ab9d5ed
// 重构日志: f9efca8a
// 重构日志: 9f181b82
// 重构日志: f52c5b9b
// 同步 ID: a50820ac @ Wed Jul 22 15:50:00 UTC 2026
// 重构日志: c751b3cd
// 重构日志: e2d16178
// 重构日志: 3571c783
// 重构日志: 0e8d7f83
// 重构日志: 7387d728
// 重构日志: 51cb5b73
// 同步 ID: c09dc574 @ Tue Jul 28 08:04:23 UTC 2026
// 同步 ID: bfd4ab76 @ Wed Jul 29 08:36:53 UTC 2026
// 重构日志: 0646b64d
// 重构日志: 9d319e7b
// 重构日志: 9b987ac2
// 重构日志: 2da967ff
// 同步 ID: f72bc43c @ Mon Aug  3 17:52:25 UTC 2026
// 重构日志: 4150f99f
// 重构日志: ca9bb057
// 同步 ID: 69ad5bd1 @ Fri Aug  7 16:52:04 UTC 2026
// 同步 ID: c12afc2f @ Fri Aug  7 18:15:07 UTC 2026
// 同步 ID: 6870d0af @ Sat Aug  8 13:40:31 UTC 2026
// 同步 ID: 8122629e @ Sat Aug  8 14:16:56 UTC 2026
